["/DEMO_SCRIPT_TEMPLATE/DEMO_SUPPORT_spec.rb.erb", "/DEMO_SCRIPT_TEMPLATE/brandon_maps.yml", "/DEMO_SCRIPT_TEMPLATE/DEMO_SUPPORT.rb.erb", "/DEMO_SCRIPT_TEMPLATE/DEMO_script_spec.rb.erb", "/DEMO_SCRIPT_TEMPLATE/schemas", "/DEMO_SCRIPT_TEMPLATE/schemas/input.yml", "/DEMO_SCRIPT_TEMPLATE/schemas/output.yml", "/DEMO_SCRIPT_TEMPLATE/examples", "/DEMO_SCRIPT_TEMPLATE/examples/01_demo_simple_example.yml", "/DEMO_SCRIPT_TEMPLATE/examples/02_demo_complex_example.yml", "/DEMO_SCRIPT_TEMPLATE/DEMO_script.rb.erb", "/DEMO_SCRIPT_TEMPLATE/__snapshots__"]